2026-09-08 18:38:48,592 INFO linkage.runlog: Run log started -> /home/jovyan/hoertenhuber-ideas/results/logs/run_20260908T183848Z.log
2026-09-08 18:38:51,238 INFO linkage.pipeline: Running pathway-reference__digi-baseline
2026-09-08 18:38:51,574 INFO genno.config: Apply global unit definitions y = year
2026-09-08 18:38:51,578 INFO messageix.build: Importing MESSAGEix-Austria/baseline-2025-r8 from /home/jovyan/hoertenhuber-ideas/data/MESSAGEix-AT_baseline_4.xlsx
2026-09-08 18:39:20,795 INFO messageix.build: Baseline calibration verified: firstmodelyear=2025; rc_spec base-year final 1.8222 GWa within 3% of reference 1.8222 GWa.
2026-09-08 18:39:20,810 INFO messageix.pathways: Pathway reference: carbon tax nehg_ets2 on 13 model years (55.0–100.0 USD/tCO2)
2026-09-08 18:39:21,121 INFO messageix.pathways: Clearing leftover supply dials from a previous cell
2026-09-08 18:39:21,684 INFO linkage.loop: STURM scenario column: SSP2
2026-09-08 18:39:22,004 INFO linkage.digital: Digital efficiency: input coefficients of 7 techs scaled over 2030–2110 (factor 0.9552 at 2110); 48 CO2 emission-factor rows scaled alike
2026-09-08 18:39:22,005 INFO linkage.loop: Digitalization baseline: efficiency factor 0.9552 at 2040 (useful demand unchanged)
2026-09-08 18:39:22,006 INFO linkage.loop: Price feedback damping alpha = 0.5
2026-09-08 18:39:38,244 INFO sturm.driver: STURM resid/SSP2: 146 rows, final-energy years=[2025, 2030, 2035, 2040] -> /home/jovyan/hoertenhuber-ideas/results/sturm/report_MESSAGE_resid_SSP2.csv
2026-09-08 18:39:38,683 INFO message_ix.models: Use CPLEX options {'advind': 0, 'lpmethod': 4, 'threads': 4, 'epopt': 1e-06}
2026-09-08 18:40:00,935 INFO sturm.driver: STURM resid/SSP2: 146 rows, final-energy years=[2025, 2030, 2035, 2040] -> /home/jovyan/hoertenhuber-ideas/results/sturm/report_MESSAGE_resid_SSP2.csv
2026-09-08 18:40:01,712 INFO message_ix.models: Use CPLEX options {'advind': 0, 'lpmethod': 4, 'threads': 4, 'epopt': 1e-06}
2026-09-08 18:40:07,765 INFO linkage.loop: Iteration 1: L-inf activity-bound change = 0.02426
2026-09-08 18:40:07,768 INFO linkage.loop: Iteration 1: top changers: 2040=0.0243, 2045=0.0243, 2050=0.0243
2026-09-08 18:40:25,081 INFO sturm.driver: STURM resid/SSP2: 146 rows, final-energy years=[2025, 2030, 2035, 2040] -> /home/jovyan/hoertenhuber-ideas/results/sturm/report_MESSAGE_resid_SSP2.csv
2026-09-08 18:40:25,661 INFO message_ix.models: Use CPLEX options {'advind': 0, 'lpmethod': 4, 'threads': 4, 'epopt': 1e-06}
2026-09-08 18:40:31,503 INFO linkage.loop: Linkage converged at iteration 2: L-inf activity-bound change = 0 (tol=0.005)
2026-09-08 18:40:32,379 WARNING linkage.pipeline: Base-year rc_therm supply 8.383 GWa vs demand 8.383 GWa (residual -0.0%) — pinned surplus is free-disposed; see the 2026-08-28 review, A1.
2026-09-08 18:40:32,410 INFO linkage.pipeline: Running pathway-renewables_push__digi-baseline
2026-09-08 18:40:32,411 INFO messageix.build: Importing MESSAGEix-Austria/baseline-2025-r8 from /home/jovyan/hoertenhuber-ideas/data/MESSAGEix-AT_baseline_4.xlsx
2026-09-08 18:41:03,778 INFO messageix.build: Baseline calibration verified: firstmodelyear=2025; rc_spec base-year final 1.8222 GWa within 3% of reference 1.8222 GWa.
2026-09-08 18:41:03,781 INFO messageix.pathways: Pathway renewables_push: activity dials applied as target transforms in the linkage.
2026-09-08 18:41:03,851 INFO messageix.pathways: Pathway renewables_push: eag_solar floor eag_continued (GWa: {2030: 1.256, 2035: 1.884, 2040: 2.511})
2026-09-08 18:41:03,880 INFO messageix.pathways: Pathway renewables_push: fossil power exit 2040 (coal/oil→0 from 2030; gas → 25% residual)
2026-09-08 18:41:04,472 INFO linkage.loop: STURM scenario column: SSP2_RENAT
2026-09-08 18:41:04,788 INFO linkage.digital: Digital efficiency: input coefficients of 7 techs scaled over 2030–2110 (factor 0.9552 at 2110); 48 CO2 emission-factor rows scaled alike
2026-09-08 18:41:04,789 INFO linkage.loop: Digitalization baseline: efficiency factor 0.9552 at 2040 (useful demand unchanged)
2026-09-08 18:41:04,790 INFO linkage.loop: Price feedback damping alpha = 0.5
2026-09-08 18:41:20,983 INFO sturm.driver: STURM resid/SSP2_RENAT: 146 rows, final-energy years=[2025, 2030, 2035, 2040] -> /home/jovyan/hoertenhuber-ideas/results/sturm/report_MESSAGE_resid_SSP2_RENAT.csv
2026-09-08 18:41:21,340 INFO message_ix.models: Use CPLEX options {'advind': 0, 'lpmethod': 4, 'threads': 4, 'epopt': 1e-06}
2026-09-08 18:41:42,922 INFO sturm.driver: STURM resid/SSP2_RENAT: 146 rows, final-energy years=[2025, 2030, 2035, 2040] -> /home/jovyan/hoertenhuber-ideas/results/sturm/report_MESSAGE_resid_SSP2_RENAT.csv
2026-09-08 18:41:43,772 INFO message_ix.models: Use CPLEX options {'advind': 0, 'lpmethod': 4, 'threads': 4, 'epopt': 1e-06}
2026-09-08 18:41:49,525 INFO linkage.loop: Iteration 1: L-inf activity-bound change = 0.01994
2026-09-08 18:41:49,528 INFO linkage.loop: Iteration 1: top changers: 2040=0.0199, 2045=0.0199, 2050=0.0199
2026-09-08 18:42:05,924 INFO sturm.driver: STURM resid/SSP2_RENAT: 146 rows, final-energy years=[2025, 2030, 2035, 2040] -> /home/jovyan/hoertenhuber-ideas/results/sturm/report_MESSAGE_resid_SSP2_RENAT.csv
2026-09-08 18:42:06,806 INFO message_ix.models: Use CPLEX options {'advind': 0, 'lpmethod': 4, 'threads': 4, 'epopt': 1e-06}
2026-09-08 18:42:12,748 INFO linkage.loop: Linkage converged at iteration 2: L-inf activity-bound change = 0 (tol=0.005)
2026-09-08 18:42:13,898 WARNING linkage.pipeline: Base-year rc_therm supply 8.383 GWa vs demand 8.383 GWa (residual -0.0%) — pinned surplus is free-disposed; see the 2026-08-28 review, A1.
2026-09-08 18:42:13,921 INFO linkage.pipeline: Running pathway-reference__digi-baseline
2026-09-08 18:42:13,922 INFO messageix.build: Importing MESSAGEix-Austria/baseline-2025-r8 from /home/jovyan/hoertenhuber-ideas/data/MESSAGEix-AT_baseline_4.xlsx
2026-09-08 18:43:07,782 INFO messageix.build: Baseline calibration verified: firstmodelyear=2025; rc_spec base-year final 1.8222 GWa within 3% of reference 1.8222 GWa.
2026-09-08 18:43:07,803 INFO messageix.pathways: Pathway reference: carbon tax nehg_ets2 on 13 model years (55.0–100.0 USD/tCO2)
2026-09-08 18:43:07,892 INFO messageix.pathways: Clearing leftover supply dials from a previous cell
2026-09-08 18:43:08,509 INFO linkage.loop: STURM scenario column: SSP2
2026-09-08 18:43:08,886 INFO linkage.digital: Digital efficiency: input coefficients of 7 techs scaled over 2030–2110 (factor 0.9552 at 2110); 48 CO2 emission-factor rows scaled alike
2026-09-08 18:43:08,887 INFO linkage.loop: Digitalization baseline: efficiency factor 0.9552 at 2040 (useful demand unchanged)
2026-09-08 18:43:08,888 INFO linkage.loop: Price feedback damping alpha = 0.5
2026-09-08 18:43:24,831 INFO sturm.driver: STURM resid/SSP2: 146 rows, final-energy years=[2025, 2030, 2035, 2040] -> /home/jovyan/hoertenhuber-ideas/results/sturm/report_MESSAGE_resid_SSP2.csv
2026-09-08 18:43:25,318 INFO message_ix.models: Use CPLEX options {'advind': 0, 'lpmethod': 4, 'threads': 4, 'epopt': 1e-06}
2026-09-08 18:43:48,250 INFO sturm.driver: STURM resid/SSP2: 146 rows, final-energy years=[2025, 2030, 2035, 2040] -> /home/jovyan/hoertenhuber-ideas/results/sturm/report_MESSAGE_resid_SSP2.csv
2026-09-08 18:43:48,710 INFO message_ix.models: Use CPLEX options {'advind': 0, 'lpmethod': 4, 'threads': 4, 'epopt': 1e-06}
2026-09-08 18:43:54,408 INFO linkage.loop: Iteration 1: L-inf activity-bound change = 0.02426
2026-09-08 18:43:54,411 INFO linkage.loop: Iteration 1: top changers: 2040=0.0243, 2045=0.0243, 2050=0.0243
2026-09-08 18:44:12,608 INFO sturm.driver: STURM resid/SSP2: 146 rows, final-energy years=[2025, 2030, 2035, 2040] -> /home/jovyan/hoertenhuber-ideas/results/sturm/report_MESSAGE_resid_SSP2.csv
2026-09-08 18:44:13,411 INFO message_ix.models: Use CPLEX options {'advind': 0, 'lpmethod': 4, 'threads': 4, 'epopt': 1e-06}
2026-09-08 18:44:20,093 INFO linkage.loop: Linkage converged at iteration 2: L-inf activity-bound change = 0 (tol=0.005)
2026-09-08 18:44:20,742 WARNING linkage.pipeline: Base-year rc_therm supply 8.383 GWa vs demand 8.383 GWa (residual -0.0%) — pinned surplus is free-disposed; see the 2026-08-28 review, A1.
2026-09-08 18:44:20,743 INFO linkage.pipeline: Running pathway-reference__digi-stagnating
2026-09-08 18:44:20,743 INFO messageix.build: Importing MESSAGEix-Austria/baseline-2025-r8 from /home/jovyan/hoertenhuber-ideas/data/MESSAGEix-AT_baseline_4.xlsx
2026-09-08 18:44:48,126 INFO messageix.build: Baseline calibration verified: firstmodelyear=2025; rc_spec base-year final 1.8222 GWa within 3% of reference 1.8222 GWa.
2026-09-08 18:44:48,140 INFO messageix.pathways: Pathway reference: carbon tax nehg_ets2 on 13 model years (55.0–100.0 USD/tCO2)
2026-09-08 18:44:48,315 INFO messageix.pathways: Clearing leftover supply dials from a previous cell
2026-09-08 18:44:48,722 INFO linkage.loop: STURM scenario column: SSP2
2026-09-08 18:44:48,972 INFO linkage.digital: Digital efficiency: input coefficients of 7 techs scaled over 2030–2110 (factor 0.9723 at 2110); 48 CO2 emission-factor rows scaled alike
2026-09-08 18:44:48,973 INFO linkage.loop: Digitalization stagnating: efficiency factor 0.9723 at 2040 (useful demand unchanged)
2026-09-08 18:44:48,974 INFO linkage.loop: Price feedback damping alpha = 0.5
2026-09-08 18:45:04,859 INFO sturm.driver: STURM resid/SSP2: 146 rows, final-energy years=[2025, 2030, 2035, 2040] -> /home/jovyan/hoertenhuber-ideas/results/sturm/report_MESSAGE_resid_SSP2.csv
2026-09-08 18:45:05,336 INFO message_ix.models: Use CPLEX options {'advind': 0, 'lpmethod': 4, 'threads': 4, 'epopt': 1e-06}
2026-09-08 18:45:27,763 INFO sturm.driver: STURM resid/SSP2: 146 rows, final-energy years=[2025, 2030, 2035, 2040] -> /home/jovyan/hoertenhuber-ideas/results/sturm/report_MESSAGE_resid_SSP2.csv
2026-09-08 18:45:28,590 INFO message_ix.models: Use CPLEX options {'advind': 0, 'lpmethod': 4, 'threads': 4, 'epopt': 1e-06}
2026-09-08 18:45:34,174 INFO linkage.loop: Iteration 1: L-inf activity-bound change = 0.0264
2026-09-08 18:45:34,177 INFO linkage.loop: Iteration 1: top changers: 2040=0.0264, 2045=0.0264, 2050=0.0264
2026-09-08 18:45:50,741 INFO sturm.driver: STURM resid/SSP2: 146 rows, final-energy years=[2025, 2030, 2035, 2040] -> /home/jovyan/hoertenhuber-ideas/results/sturm/report_MESSAGE_resid_SSP2.csv
2026-09-08 18:45:51,900 INFO message_ix.models: Use CPLEX options {'advind': 0, 'lpmethod': 4, 'threads': 4, 'epopt': 1e-06}
2026-09-08 18:45:57,924 INFO linkage.loop: Linkage converged at iteration 2: L-inf activity-bound change = 0 (tol=0.005)
2026-09-08 18:45:59,228 WARNING linkage.pipeline: Base-year rc_therm supply 8.383 GWa vs demand 8.383 GWa (residual -0.0%) — pinned surplus is free-disposed; see the 2026-08-28 review, A1.
2026-09-08 18:45:59,229 INFO linkage.pipeline: Running pathway-reference__digi-accelerated
2026-09-08 18:45:59,230 INFO messageix.build: Importing MESSAGEix-Austria/baseline-2025-r8 from /home/jovyan/hoertenhuber-ideas/data/MESSAGEix-AT_baseline_4.xlsx
2026-09-08 18:46:32,862 INFO messageix.build: Baseline calibration verified: firstmodelyear=2025; rc_spec base-year final 1.8222 GWa within 3% of reference 1.8222 GWa.
2026-09-08 18:46:32,875 INFO messageix.pathways: Pathway reference: carbon tax nehg_ets2 on 13 model years (55.0–100.0 USD/tCO2)
2026-09-08 18:46:32,966 INFO messageix.pathways: Clearing leftover supply dials from a previous cell
2026-09-08 18:46:33,479 INFO linkage.loop: STURM scenario column: SSP2
2026-09-08 18:46:33,708 INFO linkage.digital: Digital efficiency: input coefficients of 7 techs scaled over 2030–2110 (factor 0.9399 at 2110); 48 CO2 emission-factor rows scaled alike
2026-09-08 18:46:33,709 INFO linkage.loop: Digitalization accelerated: efficiency factor 0.9399 at 2040 (useful demand unchanged)
2026-09-08 18:46:33,709 INFO linkage.loop: Price feedback damping alpha = 0.5
2026-09-08 18:46:50,182 INFO sturm.driver: STURM resid/SSP2: 146 rows, final-energy years=[2025, 2030, 2035, 2040] -> /home/jovyan/hoertenhuber-ideas/results/sturm/report_MESSAGE_resid_SSP2.csv
2026-09-08 18:46:50,534 INFO message_ix.models: Use CPLEX options {'advind': 0, 'lpmethod': 4, 'threads': 4, 'epopt': 1e-06}
2026-09-08 18:47:12,429 INFO sturm.driver: STURM resid/SSP2: 146 rows, final-energy years=[2025, 2030, 2035, 2040] -> /home/jovyan/hoertenhuber-ideas/results/sturm/report_MESSAGE_resid_SSP2.csv
2026-09-08 18:47:12,958 INFO message_ix.models: Use CPLEX options {'advind': 0, 'lpmethod': 4, 'threads': 4, 'epopt': 1e-06}
2026-09-08 18:47:19,168 INFO linkage.loop: Iteration 1: L-inf activity-bound change = 0.0246
2026-09-08 18:47:19,171 INFO linkage.loop: Iteration 1: top changers: 2040=0.0246, 2045=0.0246, 2050=0.0246
2026-09-08 18:47:34,891 INFO sturm.driver: STURM resid/SSP2: 146 rows, final-energy years=[2025, 2030, 2035, 2040] -> /home/jovyan/hoertenhuber-ideas/results/sturm/report_MESSAGE_resid_SSP2.csv
2026-09-08 18:47:35,536 INFO message_ix.models: Use CPLEX options {'advind': 0, 'lpmethod': 4, 'threads': 4, 'epopt': 1e-06}
2026-09-08 18:47:41,600 INFO linkage.loop: Linkage converged at iteration 2: L-inf activity-bound change = 0 (tol=0.005)
2026-09-08 18:47:42,817 WARNING linkage.pipeline: Base-year rc_therm supply 8.383 GWa vs demand 8.383 GWa (residual -0.0%) — pinned surplus is free-disposed; see the 2026-08-28 review, A1.
2026-09-08 18:47:42,827 INFO linkage.pipeline: Running pathway-renewables_push__digi-baseline
2026-09-08 18:47:42,828 INFO messageix.build: Importing MESSAGEix-Austria/baseline-2025-r8 from /home/jovyan/hoertenhuber-ideas/data/MESSAGEix-AT_baseline_4.xlsx
2026-09-08 18:48:33,286 INFO messageix.build: Baseline calibration verified: firstmodelyear=2025; rc_spec base-year final 1.8222 GWa within 3% of reference 1.8222 GWa.
2026-09-08 18:48:33,288 INFO messageix.pathways: Pathway renewables_push: activity dials applied as target transforms in the linkage.
2026-09-08 18:48:33,334 INFO messageix.pathways: Pathway renewables_push: eag_solar floor eag_continued (GWa: {2030: 1.256, 2035: 1.884, 2040: 2.511})
2026-09-08 18:48:33,347 INFO messageix.pathways: Pathway renewables_push: fossil power exit 2040 (coal/oil→0 from 2030; gas → 25% residual)
2026-09-08 18:48:34,691 INFO linkage.loop: STURM scenario column: SSP2_RENAT
2026-09-08 18:48:34,959 INFO linkage.digital: Digital efficiency: input coefficients of 7 techs scaled over 2030–2110 (factor 0.9552 at 2110); 48 CO2 emission-factor rows scaled alike
2026-09-08 18:48:34,960 INFO linkage.loop: Digitalization baseline: efficiency factor 0.9552 at 2040 (useful demand unchanged)
2026-09-08 18:48:34,960 INFO linkage.loop: Price feedback damping alpha = 0.5
2026-09-08 18:48:51,157 INFO sturm.driver: STURM resid/SSP2_RENAT: 146 rows, final-energy years=[2025, 2030, 2035, 2040] -> /home/jovyan/hoertenhuber-ideas/results/sturm/report_MESSAGE_resid_SSP2_RENAT.csv
2026-09-08 18:48:51,551 INFO message_ix.models: Use CPLEX options {'advind': 0, 'lpmethod': 4, 'threads': 4, 'epopt': 1e-06}
2026-09-08 18:49:14,520 INFO sturm.driver: STURM resid/SSP2_RENAT: 146 rows, final-energy years=[2025, 2030, 2035, 2040] -> /home/jovyan/hoertenhuber-ideas/results/sturm/report_MESSAGE_resid_SSP2_RENAT.csv
2026-09-08 18:49:15,733 INFO message_ix.models: Use CPLEX options {'advind': 0, 'lpmethod': 4, 'threads': 4, 'epopt': 1e-06}
2026-09-08 18:49:21,813 INFO linkage.loop: Iteration 1: L-inf activity-bound change = 0.01994
2026-09-08 18:49:21,817 INFO linkage.loop: Iteration 1: top changers: 2040=0.0199, 2045=0.0199, 2050=0.0199
2026-09-08 18:49:37,852 INFO sturm.driver: STURM resid/SSP2_RENAT: 146 rows, final-energy years=[2025, 2030, 2035, 2040] -> /home/jovyan/hoertenhuber-ideas/results/sturm/report_MESSAGE_resid_SSP2_RENAT.csv
2026-09-08 18:49:39,020 INFO message_ix.models: Use CPLEX options {'advind': 0, 'lpmethod': 4, 'threads': 4, 'epopt': 1e-06}
2026-09-08 18:49:44,709 INFO linkage.loop: Linkage converged at iteration 2: L-inf activity-bound change = 0 (tol=0.005)
2026-09-08 18:49:47,218 WARNING linkage.pipeline: Base-year rc_therm supply 8.383 GWa vs demand 8.383 GWa (residual -0.0%) — pinned surplus is free-disposed; see the 2026-08-28 review, A1.
2026-09-08 18:49:47,219 INFO linkage.pipeline: Running pathway-renewables_push__digi-stagnating
2026-09-08 18:49:47,220 INFO messageix.build: Importing MESSAGEix-Austria/baseline-2025-r8 from /home/jovyan/hoertenhuber-ideas/data/MESSAGEix-AT_baseline_4.xlsx
2026-09-08 18:50:38,405 INFO messageix.build: Baseline calibration verified: firstmodelyear=2025; rc_spec base-year final 1.8222 GWa within 3% of reference 1.8222 GWa.
2026-09-08 18:50:38,407 INFO messageix.pathways: Pathway renewables_push: activity dials applied as target transforms in the linkage.
2026-09-08 18:50:38,454 INFO messageix.pathways: Pathway renewables_push: eag_solar floor eag_continued (GWa: {2030: 1.256, 2035: 1.884, 2040: 2.511})
2026-09-08 18:50:38,466 INFO messageix.pathways: Pathway renewables_push: fossil power exit 2040 (coal/oil→0 from 2030; gas → 25% residual)
2026-09-08 18:50:39,688 INFO linkage.loop: STURM scenario column: SSP2_RENAT
2026-09-08 18:50:39,940 INFO linkage.digital: Digital efficiency: input coefficients of 7 techs scaled over 2030–2110 (factor 0.9723 at 2110); 48 CO2 emission-factor rows scaled alike
2026-09-08 18:50:39,941 INFO linkage.loop: Digitalization stagnating: efficiency factor 0.9723 at 2040 (useful demand unchanged)
2026-09-08 18:50:39,942 INFO linkage.loop: Price feedback damping alpha = 0.5
2026-09-08 18:50:56,849 INFO sturm.driver: STURM resid/SSP2_RENAT: 146 rows, final-energy years=[2025, 2030, 2035, 2040] -> /home/jovyan/hoertenhuber-ideas/results/sturm/report_MESSAGE_resid_SSP2_RENAT.csv
2026-09-08 18:50:57,190 INFO message_ix.models: Use CPLEX options {'advind': 0, 'lpmethod': 4, 'threads': 4, 'epopt': 1e-06}
2026-09-08 18:51:20,169 INFO sturm.driver: STURM resid/SSP2_RENAT: 146 rows, final-energy years=[2025, 2030, 2035, 2040] -> /home/jovyan/hoertenhuber-ideas/results/sturm/report_MESSAGE_resid_SSP2_RENAT.csv
2026-09-08 18:51:20,988 INFO message_ix.models: Use CPLEX options {'advind': 0, 'lpmethod': 4, 'threads': 4, 'epopt': 1e-06}
2026-09-08 18:51:26,587 INFO linkage.loop: Iteration 1: L-inf activity-bound change = 0.02143
2026-09-08 18:51:26,590 INFO linkage.loop: Iteration 1: top changers: 2040=0.0214, 2045=0.0214, 2050=0.0214
2026-09-08 18:51:43,995 INFO sturm.driver: STURM resid/SSP2_RENAT: 146 rows, final-energy years=[2025, 2030, 2035, 2040] -> /home/jovyan/hoertenhuber-ideas/results/sturm/report_MESSAGE_resid_SSP2_RENAT.csv
2026-09-08 18:51:44,784 INFO message_ix.models: Use CPLEX options {'advind': 0, 'lpmethod': 4, 'threads': 4, 'epopt': 1e-06}
2026-09-08 18:51:50,555 INFO linkage.loop: Linkage converged at iteration 2: L-inf activity-bound change = 0 (tol=0.005)
2026-09-08 18:51:51,647 WARNING linkage.pipeline: Base-year rc_therm supply 8.383 GWa vs demand 8.383 GWa (residual -0.0%) — pinned surplus is free-disposed; see the 2026-08-28 review, A1.
2026-09-08 18:51:51,648 INFO linkage.pipeline: Running pathway-renewables_push__digi-accelerated
2026-09-08 18:51:51,649 INFO messageix.build: Importing MESSAGEix-Austria/baseline-2025-r8 from /home/jovyan/hoertenhuber-ideas/data/MESSAGEix-AT_baseline_4.xlsx
2026-09-08 18:52:26,801 INFO messageix.build: Baseline calibration verified: firstmodelyear=2025; rc_spec base-year final 1.8222 GWa within 3% of reference 1.8222 GWa.
2026-09-08 18:52:26,802 INFO messageix.pathways: Pathway renewables_push: activity dials applied as target transforms in the linkage.
2026-09-08 18:52:26,847 INFO messageix.pathways: Pathway renewables_push: eag_solar floor eag_continued (GWa: {2030: 1.256, 2035: 1.884, 2040: 2.511})
2026-09-08 18:52:26,859 INFO messageix.pathways: Pathway renewables_push: fossil power exit 2040 (coal/oil→0 from 2030; gas → 25% residual)
2026-09-08 18:52:28,150 INFO linkage.loop: STURM scenario column: SSP2_RENAT
2026-09-08 18:52:28,380 INFO linkage.digital: Digital efficiency: input coefficients of 7 techs scaled over 2030–2110 (factor 0.9399 at 2110); 48 CO2 emission-factor rows scaled alike
2026-09-08 18:52:28,381 INFO linkage.loop: Digitalization accelerated: efficiency factor 0.9399 at 2040 (useful demand unchanged)
2026-09-08 18:52:28,382 INFO linkage.loop: Price feedback damping alpha = 0.5
2026-09-08 18:52:44,746 INFO sturm.driver: STURM resid/SSP2_RENAT: 146 rows, final-energy years=[2025, 2030, 2035, 2040] -> /home/jovyan/hoertenhuber-ideas/results/sturm/report_MESSAGE_resid_SSP2_RENAT.csv
2026-09-08 18:52:45,076 INFO message_ix.models: Use CPLEX options {'advind': 0, 'lpmethod': 4, 'threads': 4, 'epopt': 1e-06}
2026-09-08 18:53:07,417 INFO sturm.driver: STURM resid/SSP2_RENAT: 146 rows, final-energy years=[2025, 2030, 2035, 2040] -> /home/jovyan/hoertenhuber-ideas/results/sturm/report_MESSAGE_resid_SSP2_RENAT.csv
2026-09-08 18:53:07,999 INFO message_ix.models: Use CPLEX options {'advind': 0, 'lpmethod': 4, 'threads': 4, 'epopt': 1e-06}
2026-09-08 18:53:13,679 INFO linkage.loop: Iteration 1: L-inf activity-bound change = 0.02107
2026-09-08 18:53:13,682 INFO linkage.loop: Iteration 1: top changers: 2035=0.0211, 2040=0.0204, 2045=0.0204
2026-09-08 18:53:30,236 INFO sturm.driver: STURM resid/SSP2_RENAT: 146 rows, final-energy years=[2025, 2030, 2035, 2040] -> /home/jovyan/hoertenhuber-ideas/results/sturm/report_MESSAGE_resid_SSP2_RENAT.csv
2026-09-08 18:53:30,895 INFO message_ix.models: Use CPLEX options {'advind': 0, 'lpmethod': 4, 'threads': 4, 'epopt': 1e-06}
2026-09-08 18:53:36,419 INFO linkage.loop: Linkage converged at iteration 2: L-inf activity-bound change = 5.244e-05 (tol=0.005)
2026-09-08 18:53:37,517 WARNING linkage.pipeline: Base-year rc_therm supply 8.383 GWa vs demand 8.383 GWa (residual -0.0%) — pinned surplus is free-disposed; see the 2026-08-28 review, A1.
2026-09-08 18:53:37,525 INFO linkage.pipeline: Running pathway-bio_bridge__digi-baseline
2026-09-08 18:53:37,526 INFO messageix.build: Importing MESSAGEix-Austria/baseline-2025-r8 from /home/jovyan/hoertenhuber-ideas/data/MESSAGEix-AT_baseline_4.xlsx
2026-09-08 18:54:26,118 INFO messageix.build: Baseline calibration verified: firstmodelyear=2025; rc_spec base-year final 1.8222 GWa within 3% of reference 1.8222 GWa.
2026-09-08 18:54:26,119 INFO messageix.pathways: Pathway bio_bridge: activity dials applied as target transforms in the linkage.
2026-09-08 18:54:26,159 INFO messageix.pathways: Pathway bio_bridge: eag_solar floor eag2030 (GWa: {2030: 1.256, 2035: 1.256, 2040: 1.256})
2026-09-08 18:54:26,171 INFO messageix.pathways: Pathway bio_bridge: fossil power exit 2040 (coal/oil→0 from 2030; gas → 25% residual)
2026-09-08 18:54:27,488 INFO linkage.loop: STURM scenario column: SSP2
2026-09-08 18:54:27,729 INFO linkage.digital: Digital efficiency: input coefficients of 7 techs scaled over 2030–2110 (factor 0.9552 at 2110); 48 CO2 emission-factor rows scaled alike
2026-09-08 18:54:27,730 INFO linkage.loop: Digitalization baseline: efficiency factor 0.9552 at 2040 (useful demand unchanged)
2026-09-08 18:54:27,730 INFO linkage.loop: Price feedback damping alpha = 0.5
2026-09-08 18:54:44,083 INFO sturm.driver: STURM resid/SSP2: 146 rows, final-energy years=[2025, 2030, 2035, 2040] -> /home/jovyan/hoertenhuber-ideas/results/sturm/report_MESSAGE_resid_SSP2.csv
2026-09-08 18:54:44,414 INFO message_ix.models: Use CPLEX options {'advind': 0, 'lpmethod': 4, 'threads': 4, 'epopt': 1e-06}
2026-09-08 18:55:06,546 INFO sturm.driver: STURM resid/SSP2: 146 rows, final-energy years=[2025, 2030, 2035, 2040] -> /home/jovyan/hoertenhuber-ideas/results/sturm/report_MESSAGE_resid_SSP2.csv
2026-09-08 18:55:07,133 INFO message_ix.models: Use CPLEX options {'advind': 0, 'lpmethod': 4, 'threads': 4, 'epopt': 1e-06}
2026-09-08 18:55:12,631 INFO linkage.loop: Iteration 1: L-inf activity-bound change = 0.01716
2026-09-08 18:55:12,634 INFO linkage.loop: Iteration 1: top changers: 2040=0.0172, 2045=0.0172, 2050=0.0172
2026-09-08 18:55:29,023 INFO sturm.driver: STURM resid/SSP2: 146 rows, final-energy years=[2025, 2030, 2035, 2040] -> /home/jovyan/hoertenhuber-ideas/results/sturm/report_MESSAGE_resid_SSP2.csv
2026-09-08 18:55:30,148 INFO message_ix.models: Use CPLEX options {'advind': 0, 'lpmethod': 4, 'threads': 4, 'epopt': 1e-06}
2026-09-08 18:55:35,926 INFO linkage.loop: Linkage converged at iteration 2: L-inf activity-bound change = 0 (tol=0.005)
2026-09-08 18:55:36,560 WARNING linkage.pipeline: Base-year rc_therm supply 8.383 GWa vs demand 8.383 GWa (residual -0.0%) — pinned surplus is free-disposed; see the 2026-08-28 review, A1.
2026-09-08 18:55:36,561 INFO linkage.pipeline: Running pathway-bio_bridge__digi-stagnating
2026-09-08 18:55:36,561 INFO messageix.build: Importing MESSAGEix-Austria/baseline-2025-r8 from /home/jovyan/hoertenhuber-ideas/data/MESSAGEix-AT_baseline_4.xlsx
2026-09-08 18:56:11,326 INFO messageix.build: Baseline calibration verified: firstmodelyear=2025; rc_spec base-year final 1.8222 GWa within 3% of reference 1.8222 GWa.
2026-09-08 18:56:11,328 INFO messageix.pathways: Pathway bio_bridge: activity dials applied as target transforms in the linkage.
2026-09-08 18:56:11,368 INFO messageix.pathways: Pathway bio_bridge: eag_solar floor eag2030 (GWa: {2030: 1.256, 2035: 1.256, 2040: 1.256})
2026-09-08 18:56:11,381 INFO messageix.pathways: Pathway bio_bridge: fossil power exit 2040 (coal/oil→0 from 2030; gas → 25% residual)
2026-09-08 18:56:12,589 INFO linkage.loop: STURM scenario column: SSP2
2026-09-08 18:56:12,837 INFO linkage.digital: Digital efficiency: input coefficients of 7 techs scaled over 2030–2110 (factor 0.9723 at 2110); 48 CO2 emission-factor rows scaled alike
2026-09-08 18:56:12,838 INFO linkage.loop: Digitalization stagnating: efficiency factor 0.9723 at 2040 (useful demand unchanged)
2026-09-08 18:56:12,839 INFO linkage.loop: Price feedback damping alpha = 0.5
2026-09-08 18:56:29,440 INFO sturm.driver: STURM resid/SSP2: 146 rows, final-energy years=[2025, 2030, 2035, 2040] -> /home/jovyan/hoertenhuber-ideas/results/sturm/report_MESSAGE_resid_SSP2.csv
2026-09-08 18:56:29,774 INFO message_ix.models: Use CPLEX options {'advind': 0, 'lpmethod': 4, 'threads': 4, 'epopt': 1e-06}
2026-09-08 18:56:52,304 INFO sturm.driver: STURM resid/SSP2: 146 rows, final-energy years=[2025, 2030, 2035, 2040] -> /home/jovyan/hoertenhuber-ideas/results/sturm/report_MESSAGE_resid_SSP2.csv
2026-09-08 18:56:52,710 INFO message_ix.models: Use CPLEX options {'advind': 0, 'lpmethod': 4, 'threads': 4, 'epopt': 1e-06}
2026-09-08 18:56:58,448 INFO linkage.loop: Iteration 1: L-inf activity-bound change = 0.02102
2026-09-08 18:56:58,451 INFO linkage.loop: Iteration 1: top changers: 2040=0.021, 2045=0.021, 2050=0.021
2026-09-08 18:57:14,681 INFO sturm.driver: STURM resid/SSP2: 146 rows, final-energy years=[2025, 2030, 2035, 2040] -> /home/jovyan/hoertenhuber-ideas/results/sturm/report_MESSAGE_resid_SSP2.csv
2026-09-08 18:57:15,105 INFO message_ix.models: Use CPLEX options {'advind': 0, 'lpmethod': 4, 'threads': 4, 'epopt': 1e-06}
2026-09-08 18:57:20,744 INFO linkage.loop: Linkage converged at iteration 2: L-inf activity-bound change = 0.000108 (tol=0.005)
2026-09-08 18:57:22,064 WARNING linkage.pipeline: Base-year rc_therm supply 8.383 GWa vs demand 8.383 GWa (residual -0.0%) — pinned surplus is free-disposed; see the 2026-08-28 review, A1.
2026-09-08 18:57:22,065 INFO linkage.pipeline: Running pathway-bio_bridge__digi-accelerated
2026-09-08 18:57:22,066 INFO messageix.build: Importing MESSAGEix-Austria/baseline-2025-r8 from /home/jovyan/hoertenhuber-ideas/data/MESSAGEix-AT_baseline_4.xlsx
2026-09-08 19:00:32,771 INFO messageix.build: Baseline calibration verified: firstmodelyear=2025; rc_spec base-year final 1.8222 GWa within 3% of reference 1.8222 GWa.
2026-09-08 19:00:32,773 INFO messageix.pathways: Pathway bio_bridge: activity dials applied as target transforms in the linkage.
2026-09-08 19:00:32,895 INFO messageix.pathways: Pathway bio_bridge: eag_solar floor eag2030 (GWa: {2030: 1.256, 2035: 1.256, 2040: 1.256})
2026-09-08 19:00:32,949 INFO messageix.pathways: Pathway bio_bridge: fossil power exit 2040 (coal/oil→0 from 2030; gas → 25% residual)
2026-09-08 19:00:34,714 INFO linkage.loop: STURM scenario column: SSP2
2026-09-08 19:00:34,936 INFO linkage.digital: Digital efficiency: input coefficients of 7 techs scaled over 2030–2110 (factor 0.9399 at 2110); 48 CO2 emission-factor rows scaled alike
2026-09-08 19:00:34,938 INFO linkage.loop: Digitalization accelerated: efficiency factor 0.9399 at 2040 (useful demand unchanged)
2026-09-08 19:00:34,938 INFO linkage.loop: Price feedback damping alpha = 0.5
2026-09-08 19:00:51,200 INFO sturm.driver: STURM resid/SSP2: 146 rows, final-energy years=[2025, 2030, 2035, 2040] -> /home/jovyan/hoertenhuber-ideas/results/sturm/report_MESSAGE_resid_SSP2.csv
2026-09-08 19:00:51,537 INFO message_ix.models: Use CPLEX options {'advind': 0, 'lpmethod': 4, 'threads': 4, 'epopt': 1e-06}
2026-09-08 19:01:15,277 INFO sturm.driver: STURM resid/SSP2: 146 rows, final-energy years=[2025, 2030, 2035, 2040] -> /home/jovyan/hoertenhuber-ideas/results/sturm/report_MESSAGE_resid_SSP2.csv
2026-09-08 19:01:15,686 INFO message_ix.models: Use CPLEX options {'advind': 0, 'lpmethod': 4, 'threads': 4, 'epopt': 1e-06}
2026-09-08 19:01:21,478 INFO linkage.loop: Iteration 1: L-inf activity-bound change = 0.01711
2026-09-08 19:01:21,480 INFO linkage.loop: Iteration 1: top changers: 2040=0.0171, 2045=0.0171, 2050=0.0171
2026-09-08 19:01:37,662 INFO sturm.driver: STURM resid/SSP2: 146 rows, final-energy years=[2025, 2030, 2035, 2040] -> /home/jovyan/hoertenhuber-ideas/results/sturm/report_MESSAGE_resid_SSP2.csv
2026-09-08 19:01:38,196 INFO message_ix.models: Use CPLEX options {'advind': 0, 'lpmethod': 4, 'threads': 4, 'epopt': 1e-06}
2026-09-08 19:01:44,080 INFO linkage.loop: Linkage converged at iteration 2: L-inf activity-bound change = 0 (tol=0.005)
2026-09-08 19:01:44,734 WARNING linkage.pipeline: Base-year rc_therm supply 8.383 GWa vs demand 8.383 GWa (residual -0.0%) — pinned surplus is free-disposed; see the 2026-08-28 review, A1.
2026-09-08 19:01:44,742 INFO linkage.pipeline: Running pathway-renewables_push__digi-baseline__shape-linear
2026-09-08 19:01:44,743 INFO messageix.build: Importing MESSAGEix-Austria/baseline-2025-r8 from /home/jovyan/hoertenhuber-ideas/data/MESSAGEix-AT_baseline_4.xlsx
2026-09-08 19:04:57,922 INFO messageix.build: Baseline calibration verified: firstmodelyear=2025; rc_spec base-year final 1.8222 GWa within 3% of reference 1.8222 GWa.
2026-09-08 19:04:57,923 INFO messageix.pathways: Pathway renewables_push: activity dials applied as target transforms in the linkage.
2026-09-08 19:04:58,070 INFO messageix.pathways: Pathway renewables_push: eag_solar floor eag_continued (GWa: {2030: 1.256, 2035: 1.884, 2040: 2.511})
2026-09-08 19:04:58,138 INFO messageix.pathways: Pathway renewables_push: fossil power exit 2040 (coal/oil→0 from 2030; gas → 25% residual)
2026-09-08 19:04:59,383 INFO linkage.loop: STURM scenario column: SSP2_RENAT
2026-09-08 19:04:59,608 INFO linkage.digital: Digital efficiency: input coefficients of 7 techs scaled over 2030–2110 (factor 0.9552 at 2110); 48 CO2 emission-factor rows scaled alike
2026-09-08 19:04:59,609 INFO linkage.loop: Digitalization baseline: efficiency factor 0.9552 at 2040 (useful demand unchanged)
2026-09-08 19:04:59,610 INFO linkage.loop: Price feedback damping alpha = 0.5
2026-09-08 19:05:15,812 INFO sturm.driver: STURM resid/SSP2_RENAT: 146 rows, final-energy years=[2025, 2030, 2035, 2040] -> /home/jovyan/hoertenhuber-ideas/results/sturm/report_MESSAGE_resid_SSP2_RENAT.csv
2026-09-08 19:05:16,151 INFO message_ix.models: Use CPLEX options {'advind': 0, 'lpmethod': 4, 'threads': 4, 'epopt': 1e-06}
2026-09-08 19:05:37,058 INFO sturm.driver: STURM resid/SSP2_RENAT: 146 rows, final-energy years=[2025, 2030, 2035, 2040] -> /home/jovyan/hoertenhuber-ideas/results/sturm/report_MESSAGE_resid_SSP2_RENAT.csv
2026-09-08 19:05:38,196 INFO message_ix.models: Use CPLEX options {'advind': 0, 'lpmethod': 4, 'threads': 4, 'epopt': 1e-06}
2026-09-08 19:05:43,433 INFO linkage.loop: Iteration 1: L-inf activity-bound change = 0.02013
2026-09-08 19:05:43,436 INFO linkage.loop: Iteration 1: top changers: 2040=0.0201, 2045=0.0201, 2050=0.0201
2026-09-08 19:06:00,059 INFO sturm.driver: STURM resid/SSP2_RENAT: 146 rows, final-energy years=[2025, 2030, 2035, 2040] -> /home/jovyan/hoertenhuber-ideas/results/sturm/report_MESSAGE_resid_SSP2_RENAT.csv
2026-09-08 19:06:00,507 INFO message_ix.models: Use CPLEX options {'advind': 0, 'lpmethod': 4, 'threads': 4, 'epopt': 1e-06}
2026-09-08 19:06:05,560 INFO linkage.loop: Linkage converged at iteration 2: L-inf activity-bound change = 0 (tol=0.005)
2026-09-08 19:06:06,775 WARNING linkage.pipeline: Base-year rc_therm supply 8.383 GWa vs demand 8.383 GWa (residual -0.0%) — pinned surplus is free-disposed; see the 2026-08-28 review, A1.
2026-09-08 19:06:06,776 INFO linkage.pipeline: Running pathway-renewables_push__digi-stagnating__shape-linear
2026-09-08 19:06:06,777 INFO messageix.build: Importing MESSAGEix-Austria/baseline-2025-r8 from /home/jovyan/hoertenhuber-ideas/data/MESSAGEix-AT_baseline_4.xlsx
2026-09-08 19:06:34,111 INFO messageix.build: Baseline calibration verified: firstmodelyear=2025; rc_spec base-year final 1.8222 GWa within 3% of reference 1.8222 GWa.
2026-09-08 19:06:34,113 INFO messageix.pathways: Pathway renewables_push: activity dials applied as target transforms in the linkage.
2026-09-08 19:06:34,148 INFO messageix.pathways: Pathway renewables_push: eag_solar floor eag_continued (GWa: {2030: 1.256, 2035: 1.884, 2040: 2.511})
2026-09-08 19:06:34,160 INFO messageix.pathways: Pathway renewables_push: fossil power exit 2040 (coal/oil→0 from 2030; gas → 25% residual)
2026-09-08 19:06:35,345 INFO linkage.loop: STURM scenario column: SSP2_RENAT
2026-09-08 19:06:35,576 INFO linkage.digital: Digital efficiency: input coefficients of 7 techs scaled over 2030–2110 (factor 0.9723 at 2110); 48 CO2 emission-factor rows scaled alike
2026-09-08 19:06:35,578 INFO linkage.loop: Digitalization stagnating: efficiency factor 0.9723 at 2040 (useful demand unchanged)
2026-09-08 19:06:35,578 INFO linkage.loop: Price feedback damping alpha = 0.5
2026-09-08 19:06:51,904 INFO sturm.driver: STURM resid/SSP2_RENAT: 146 rows, final-energy years=[2025, 2030, 2035, 2040] -> /home/jovyan/hoertenhuber-ideas/results/sturm/report_MESSAGE_resid_SSP2_RENAT.csv
2026-09-08 19:06:52,242 INFO message_ix.models: Use CPLEX options {'advind': 0, 'lpmethod': 4, 'threads': 4, 'epopt': 1e-06}
2026-09-08 19:07:13,259 INFO sturm.driver: STURM resid/SSP2_RENAT: 146 rows, final-energy years=[2025, 2030, 2035, 2040] -> /home/jovyan/hoertenhuber-ideas/results/sturm/report_MESSAGE_resid_SSP2_RENAT.csv
2026-09-08 19:07:14,663 INFO message_ix.models: Use CPLEX options {'advind': 0, 'lpmethod': 4, 'threads': 4, 'epopt': 1e-06}
2026-09-08 19:07:20,618 INFO linkage.loop: Iteration 1: L-inf activity-bound change = 0.02133
2026-09-08 19:07:20,621 INFO linkage.loop: Iteration 1: top changers: 2040=0.0213, 2045=0.0213, 2050=0.0213
2026-09-08 19:07:36,973 INFO sturm.driver: STURM resid/SSP2_RENAT: 146 rows, final-energy years=[2025, 2030, 2035, 2040] -> /home/jovyan/hoertenhuber-ideas/results/sturm/report_MESSAGE_resid_SSP2_RENAT.csv
2026-09-08 19:07:37,458 INFO message_ix.models: Use CPLEX options {'advind': 0, 'lpmethod': 4, 'threads': 4, 'epopt': 1e-06}
2026-09-08 19:07:42,804 INFO linkage.loop: Linkage converged at iteration 2: L-inf activity-bound change = 0 (tol=0.005)
2026-09-08 19:07:44,001 WARNING linkage.pipeline: Base-year rc_therm supply 8.383 GWa vs demand 8.383 GWa (residual -0.0%) — pinned surplus is free-disposed; see the 2026-08-28 review, A1.
2026-09-08 19:07:44,002 INFO linkage.pipeline: Running pathway-renewables_push__digi-accelerated__shape-linear
2026-09-08 19:07:44,003 INFO messageix.build: Importing MESSAGEix-Austria/baseline-2025-r8 from /home/jovyan/hoertenhuber-ideas/data/MESSAGEix-AT_baseline_4.xlsx
2026-09-08 19:09:29,562 INFO messageix.build: Baseline calibration verified: firstmodelyear=2025; rc_spec base-year final 1.8222 GWa within 3% of reference 1.8222 GWa.
2026-09-08 19:09:29,564 INFO messageix.pathways: Pathway renewables_push: activity dials applied as target transforms in the linkage.
2026-09-08 19:09:29,709 INFO messageix.pathways: Pathway renewables_push: eag_solar floor eag_continued (GWa: {2030: 1.256, 2035: 1.884, 2040: 2.511})
2026-09-08 19:09:29,756 INFO messageix.pathways: Pathway renewables_push: fossil power exit 2040 (coal/oil→0 from 2030; gas → 25% residual)
2026-09-08 19:09:31,217 INFO linkage.loop: STURM scenario column: SSP2_RENAT
2026-09-08 19:09:31,448 INFO linkage.digital: Digital efficiency: input coefficients of 7 techs scaled over 2030–2110 (factor 0.9399 at 2110); 48 CO2 emission-factor rows scaled alike
2026-09-08 19:09:31,449 INFO linkage.loop: Digitalization accelerated: efficiency factor 0.9399 at 2040 (useful demand unchanged)
2026-09-08 19:09:31,449 INFO linkage.loop: Price feedback damping alpha = 0.5
2026-09-08 19:09:47,338 INFO sturm.driver: STURM resid/SSP2_RENAT: 146 rows, final-energy years=[2025, 2030, 2035, 2040] -> /home/jovyan/hoertenhuber-ideas/results/sturm/report_MESSAGE_resid_SSP2_RENAT.csv
2026-09-08 19:09:47,676 INFO message_ix.models: Use CPLEX options {'advind': 0, 'lpmethod': 4, 'threads': 4, 'epopt': 1e-06}
2026-09-08 19:10:09,791 INFO sturm.driver: STURM resid/SSP2_RENAT: 146 rows, final-energy years=[2025, 2030, 2035, 2040] -> /home/jovyan/hoertenhuber-ideas/results/sturm/report_MESSAGE_resid_SSP2_RENAT.csv
2026-09-08 19:10:10,218 INFO message_ix.models: Use CPLEX options {'advind': 0, 'lpmethod': 4, 'threads': 4, 'epopt': 1e-06}
2026-09-08 19:10:16,440 INFO linkage.loop: Iteration 1: L-inf activity-bound change = 0.0213
2026-09-08 19:10:16,442 INFO linkage.loop: Iteration 1: top changers: 2035=0.0213, 2040=0.0203, 2045=0.0203
2026-09-08 19:10:32,561 INFO sturm.driver: STURM resid/SSP2_RENAT: 146 rows, final-energy years=[2025, 2030, 2035, 2040] -> /home/jovyan/hoertenhuber-ideas/results/sturm/report_MESSAGE_resid_SSP2_RENAT.csv
2026-09-08 19:10:32,984 INFO message_ix.models: Use CPLEX options {'advind': 0, 'lpmethod': 4, 'threads': 4, 'epopt': 1e-06}
2026-09-08 19:10:38,395 INFO linkage.loop: Linkage converged at iteration 2: L-inf activity-bound change = 0 (tol=0.005)
2026-09-08 19:10:39,704 WARNING linkage.pipeline: Base-year rc_therm supply 8.383 GWa vs demand 8.383 GWa (residual -0.0%) — pinned surplus is free-disposed; see the 2026-08-28 review, A1.
2026-09-08 19:10:39,713 INFO linkage.pipeline: Running pathway-ref_tax0__digi-baseline
2026-09-08 19:10:39,715 INFO messageix.build: Importing MESSAGEix-Austria/baseline-2025-r8 from /home/jovyan/hoertenhuber-ideas/data/MESSAGEix-AT_baseline_4.xlsx
2026-09-08 19:11:55,546 INFO messageix.build: Baseline calibration verified: firstmodelyear=2025; rc_spec base-year final 1.8222 GWa within 3% of reference 1.8222 GWa.
2026-09-08 19:11:55,583 INFO messageix.pathways: Pathway ref_tax0: carbon tax flat 0.0 on 13 model years (0.0–0.0 USD/tCO2)
2026-09-08 19:11:55,658 INFO messageix.pathways: Clearing leftover supply dials from a previous cell
2026-09-08 19:11:56,809 INFO linkage.loop: STURM scenario column: SSP2
2026-09-08 19:11:57,049 INFO linkage.digital: Digital efficiency: input coefficients of 7 techs scaled over 2030–2110 (factor 0.9552 at 2110); 48 CO2 emission-factor rows scaled alike
2026-09-08 19:11:57,050 INFO linkage.loop: Digitalization baseline: efficiency factor 0.9552 at 2040 (useful demand unchanged)
2026-09-08 19:11:57,050 INFO linkage.loop: Price feedback damping alpha = 0.5
2026-09-08 19:12:13,226 INFO sturm.driver: STURM resid/SSP2: 146 rows, final-energy years=[2025, 2030, 2035, 2040] -> /home/jovyan/hoertenhuber-ideas/results/sturm/report_MESSAGE_resid_SSP2.csv
2026-09-08 19:12:13,562 INFO message_ix.models: Use CPLEX options {'advind': 0, 'lpmethod': 4, 'threads': 4, 'epopt': 1e-06}
2026-09-08 19:12:35,726 INFO sturm.driver: STURM resid/SSP2: 146 rows, final-energy years=[2025, 2030, 2035, 2040] -> /home/jovyan/hoertenhuber-ideas/results/sturm/report_MESSAGE_resid_SSP2.csv
2026-09-08 19:12:36,230 INFO message_ix.models: Use CPLEX options {'advind': 0, 'lpmethod': 4, 'threads': 4, 'epopt': 1e-06}
2026-09-08 19:12:41,648 INFO linkage.loop: Iteration 1: L-inf activity-bound change = 0.02177
2026-09-08 19:12:41,651 INFO linkage.loop: Iteration 1: top changers: 2040=0.0218, 2045=0.0218, 2050=0.0218
2026-09-08 19:12:58,027 INFO sturm.driver: STURM resid/SSP2: 146 rows, final-energy years=[2025, 2030, 2035, 2040] -> /home/jovyan/hoertenhuber-ideas/results/sturm/report_MESSAGE_resid_SSP2.csv
2026-09-08 19:12:58,654 INFO message_ix.models: Use CPLEX options {'advind': 0, 'lpmethod': 4, 'threads': 4, 'epopt': 1e-06}
2026-09-08 19:13:04,125 INFO linkage.loop: Linkage converged at iteration 2: L-inf activity-bound change = 0 (tol=0.005)
2026-09-08 19:13:04,946 WARNING linkage.pipeline: Base-year rc_therm supply 8.383 GWa vs demand 8.383 GWa (residual -0.0%) — pinned surplus is free-disposed; see the 2026-08-28 review, A1.
2026-09-08 19:13:04,947 INFO linkage.pipeline: Running pathway-ref_tax40__digi-baseline
2026-09-08 19:13:04,947 INFO messageix.build: Importing MESSAGEix-Austria/baseline-2025-r8 from /home/jovyan/hoertenhuber-ideas/data/MESSAGEix-AT_baseline_4.xlsx
2026-09-08 19:14:13,791 INFO messageix.build: Baseline calibration verified: firstmodelyear=2025; rc_spec base-year final 1.8222 GWa within 3% of reference 1.8222 GWa.
2026-09-08 19:14:13,828 INFO messageix.pathways: Pathway ref_tax40: carbon tax flat 40.0 on 13 model years (40.0–40.0 USD/tCO2)
2026-09-08 19:14:13,923 INFO messageix.pathways: Clearing leftover supply dials from a previous cell
2026-09-08 19:14:15,403 INFO linkage.loop: STURM scenario column: SSP2
2026-09-08 19:14:15,684 INFO linkage.digital: Digital efficiency: input coefficients of 7 techs scaled over 2030–2110 (factor 0.9552 at 2110); 48 CO2 emission-factor rows scaled alike
2026-09-08 19:14:15,685 INFO linkage.loop: Digitalization baseline: efficiency factor 0.9552 at 2040 (useful demand unchanged)
2026-09-08 19:14:15,686 INFO linkage.loop: Price feedback damping alpha = 0.5
2026-09-08 19:14:32,284 INFO sturm.driver: STURM resid/SSP2: 146 rows, final-energy years=[2025, 2030, 2035, 2040] -> /home/jovyan/hoertenhuber-ideas/results/sturm/report_MESSAGE_resid_SSP2.csv
2026-09-08 19:14:32,707 INFO message_ix.models: Use CPLEX options {'advind': 0, 'lpmethod': 4, 'threads': 4, 'epopt': 1e-06}
2026-09-08 19:14:55,261 INFO sturm.driver: STURM resid/SSP2: 146 rows, final-energy years=[2025, 2030, 2035, 2040] -> /home/jovyan/hoertenhuber-ideas/results/sturm/report_MESSAGE_resid_SSP2.csv
2026-09-08 19:14:55,802 INFO message_ix.models: Use CPLEX options {'advind': 0, 'lpmethod': 4, 'threads': 4, 'epopt': 1e-06}
2026-09-08 19:15:01,453 INFO linkage.loop: Iteration 1: L-inf activity-bound change = 0.02253
2026-09-08 19:15:01,456 INFO linkage.loop: Iteration 1: top changers: 2040=0.0225, 2045=0.0225, 2050=0.0225
2026-09-08 19:15:17,847 INFO sturm.driver: STURM resid/SSP2: 146 rows, final-energy years=[2025, 2030, 2035, 2040] -> /home/jovyan/hoertenhuber-ideas/results/sturm/report_MESSAGE_resid_SSP2.csv
2026-09-08 19:15:18,453 INFO message_ix.models: Use CPLEX options {'advind': 0, 'lpmethod': 4, 'threads': 4, 'epopt': 1e-06}
2026-09-08 19:15:24,204 INFO linkage.loop: Linkage converged at iteration 2: L-inf activity-bound change = 0 (tol=0.005)
2026-09-08 19:15:25,201 WARNING linkage.pipeline: Base-year rc_therm supply 8.383 GWa vs demand 8.383 GWa (residual -0.0%) — pinned surplus is free-disposed; see the 2026-08-28 review, A1.
2026-09-08 19:15:25,202 INFO linkage.pipeline: Running pathway-ref_tax55__digi-baseline
2026-09-08 19:15:25,203 INFO messageix.build: Importing MESSAGEix-Austria/baseline-2025-r8 from /home/jovyan/hoertenhuber-ideas/data/MESSAGEix-AT_baseline_4.xlsx
2026-09-08 19:17:13,325 INFO messageix.build: Baseline calibration verified: firstmodelyear=2025; rc_spec base-year final 1.8222 GWa within 3% of reference 1.8222 GWa.
2026-09-08 19:17:13,336 INFO messageix.pathways: Pathway ref_tax55: carbon tax flat 55.0 on 13 model years (55.0–55.0 USD/tCO2)
2026-09-08 19:17:13,450 INFO messageix.pathways: Clearing leftover supply dials from a previous cell
2026-09-08 19:17:15,134 INFO linkage.loop: STURM scenario column: SSP2
2026-09-08 19:17:15,387 INFO linkage.digital: Digital efficiency: input coefficients of 7 techs scaled over 2030–2110 (factor 0.9552 at 2110); 48 CO2 emission-factor rows scaled alike
2026-09-08 19:17:15,388 INFO linkage.loop: Digitalization baseline: efficiency factor 0.9552 at 2040 (useful demand unchanged)
2026-09-08 19:17:15,389 INFO linkage.loop: Price feedback damping alpha = 0.5
2026-09-08 19:17:33,599 INFO sturm.driver: STURM resid/SSP2: 146 rows, final-energy years=[2025, 2030, 2035, 2040] -> /home/jovyan/hoertenhuber-ideas/results/sturm/report_MESSAGE_resid_SSP2.csv
2026-09-08 19:17:33,945 INFO message_ix.models: Use CPLEX options {'advind': 0, 'lpmethod': 4, 'threads': 4, 'epopt': 1e-06}
2026-09-08 19:17:56,665 INFO sturm.driver: STURM resid/SSP2: 146 rows, final-energy years=[2025, 2030, 2035, 2040] -> /home/jovyan/hoertenhuber-ideas/results/sturm/report_MESSAGE_resid_SSP2.csv
2026-09-08 19:17:57,149 INFO message_ix.models: Use CPLEX options {'advind': 0, 'lpmethod': 4, 'threads': 4, 'epopt': 1e-06}
2026-09-08 19:18:02,599 INFO linkage.loop: Iteration 1: L-inf activity-bound change = 0.02352
2026-09-08 19:18:02,602 INFO linkage.loop: Iteration 1: top changers: 2040=0.0235, 2045=0.0235, 2050=0.0235
2026-09-08 19:18:19,133 INFO sturm.driver: STURM resid/SSP2: 146 rows, final-energy years=[2025, 2030, 2035, 2040] -> /home/jovyan/hoertenhuber-ideas/results/sturm/report_MESSAGE_resid_SSP2.csv
2026-09-08 19:18:19,659 INFO message_ix.models: Use CPLEX options {'advind': 0, 'lpmethod': 4, 'threads': 4, 'epopt': 1e-06}
2026-09-08 19:18:26,146 INFO linkage.loop: Linkage converged at iteration 2: L-inf activity-bound change = 0 (tol=0.005)
2026-09-08 19:18:27,300 WARNING linkage.pipeline: Base-year rc_therm supply 8.383 GWa vs demand 8.383 GWa (residual -0.0%) — pinned surplus is free-disposed; see the 2026-08-28 review, A1.
2026-09-08 19:18:27,301 INFO linkage.pipeline: Running pathway-ref_tax80__digi-baseline
2026-09-08 19:18:27,302 INFO messageix.build: Importing MESSAGEix-Austria/baseline-2025-r8 from /home/jovyan/hoertenhuber-ideas/data/MESSAGEix-AT_baseline_4.xlsx
2026-09-08 19:18:54,330 INFO messageix.build: Baseline calibration verified: firstmodelyear=2025; rc_spec base-year final 1.8222 GWa within 3% of reference 1.8222 GWa.
2026-09-08 19:18:54,341 INFO messageix.pathways: Pathway ref_tax80: carbon tax flat 80.0 on 13 model years (80.0–80.0 USD/tCO2)
2026-09-08 19:18:54,417 INFO messageix.pathways: Clearing leftover supply dials from a previous cell
2026-09-08 19:18:55,574 INFO linkage.loop: STURM scenario column: SSP2
2026-09-08 19:18:55,830 INFO linkage.digital: Digital efficiency: input coefficients of 7 techs scaled over 2030–2110 (factor 0.9552 at 2110); 48 CO2 emission-factor rows scaled alike
2026-09-08 19:18:55,831 INFO linkage.loop: Digitalization baseline: efficiency factor 0.9552 at 2040 (useful demand unchanged)
2026-09-08 19:18:55,832 INFO linkage.loop: Price feedback damping alpha = 0.5
2026-09-08 19:19:11,520 INFO sturm.driver: STURM resid/SSP2: 146 rows, final-energy years=[2025, 2030, 2035, 2040] -> /home/jovyan/hoertenhuber-ideas/results/sturm/report_MESSAGE_resid_SSP2.csv
2026-09-08 19:19:11,851 INFO message_ix.models: Use CPLEX options {'advind': 0, 'lpmethod': 4, 'threads': 4, 'epopt': 1e-06}
2026-09-08 19:19:34,120 INFO sturm.driver: STURM resid/SSP2: 146 rows, final-energy years=[2025, 2030, 2035, 2040] -> /home/jovyan/hoertenhuber-ideas/results/sturm/report_MESSAGE_resid_SSP2.csv
2026-09-08 19:19:34,557 INFO message_ix.models: Use CPLEX options {'advind': 0, 'lpmethod': 4, 'threads': 4, 'epopt': 1e-06}
2026-09-08 19:19:39,905 INFO linkage.loop: Iteration 1: L-inf activity-bound change = 0.02423
2026-09-08 19:19:39,908 INFO linkage.loop: Iteration 1: top changers: 2040=0.0242, 2045=0.0242, 2050=0.0242
2026-09-08 19:19:56,391 INFO sturm.driver: STURM resid/SSP2: 146 rows, final-energy years=[2025, 2030, 2035, 2040] -> /home/jovyan/hoertenhuber-ideas/results/sturm/report_MESSAGE_resid_SSP2.csv
2026-09-08 19:19:57,020 INFO message_ix.models: Use CPLEX options {'advind': 0, 'lpmethod': 4, 'threads': 4, 'epopt': 1e-06}
2026-09-08 19:20:02,634 INFO linkage.loop: Linkage converged at iteration 2: L-inf activity-bound change = 0 (tol=0.005)
2026-09-08 19:20:03,852 WARNING linkage.pipeline: Base-year rc_therm supply 8.383 GWa vs demand 8.383 GWa (residual -0.0%) — pinned surplus is free-disposed; see the 2026-08-28 review, A1.
2026-09-08 19:20:03,853 INFO linkage.pipeline: Running pathway-ref_tax120__digi-baseline
2026-09-08 19:20:03,854 INFO messageix.build: Importing MESSAGEix-Austria/baseline-2025-r8 from /home/jovyan/hoertenhuber-ideas/data/MESSAGEix-AT_baseline_4.xlsx
2026-09-08 19:23:08,860 INFO messageix.build: Baseline calibration verified: firstmodelyear=2025; rc_spec base-year final 1.8222 GWa within 3% of reference 1.8222 GWa.
2026-09-08 19:23:08,870 INFO messageix.pathways: Pathway ref_tax120: carbon tax flat 120.0 on 13 model years (120.0–120.0 USD/tCO2)
2026-09-08 19:23:08,969 INFO messageix.pathways: Clearing leftover supply dials from a previous cell
2026-09-08 19:23:10,385 INFO linkage.loop: STURM scenario column: SSP2
2026-09-08 19:23:10,611 INFO linkage.digital: Digital efficiency: input coefficients of 7 techs scaled over 2030–2110 (factor 0.9552 at 2110); 48 CO2 emission-factor rows scaled alike
2026-09-08 19:23:10,612 INFO linkage.loop: Digitalization baseline: efficiency factor 0.9552 at 2040 (useful demand unchanged)
2026-09-08 19:23:10,613 INFO linkage.loop: Price feedback damping alpha = 0.5
2026-09-08 19:23:26,433 INFO sturm.driver: STURM resid/SSP2: 146 rows, final-energy years=[2025, 2030, 2035, 2040] -> /home/jovyan/hoertenhuber-ideas/results/sturm/report_MESSAGE_resid_SSP2.csv
2026-09-08 19:23:26,768 INFO message_ix.models: Use CPLEX options {'advind': 0, 'lpmethod': 4, 'threads': 4, 'epopt': 1e-06}
2026-09-08 19:23:47,909 INFO sturm.driver: STURM resid/SSP2: 146 rows, final-energy years=[2025, 2030, 2035, 2040] -> /home/jovyan/hoertenhuber-ideas/results/sturm/report_MESSAGE_resid_SSP2.csv
2026-09-08 19:23:49,095 INFO message_ix.models: Use CPLEX options {'advind': 0, 'lpmethod': 4, 'threads': 4, 'epopt': 1e-06}
2026-09-08 19:23:54,222 INFO linkage.loop: Iteration 1: L-inf activity-bound change = 0.02462
2026-09-08 19:23:54,225 INFO linkage.loop: Iteration 1: top changers: 2040=0.0246, 2045=0.0246, 2050=0.0246
2026-09-08 19:24:10,451 INFO sturm.driver: STURM resid/SSP2: 146 rows, final-energy years=[2025, 2030, 2035, 2040] -> /home/jovyan/hoertenhuber-ideas/results/sturm/report_MESSAGE_resid_SSP2.csv
2026-09-08 19:24:11,548 INFO message_ix.models: Use CPLEX options {'advind': 0, 'lpmethod': 4, 'threads': 4, 'epopt': 1e-06}
2026-09-08 19:24:16,753 INFO linkage.loop: Linkage converged at iteration 2: L-inf activity-bound change = 0 (tol=0.005)
2026-09-08 19:24:18,009 WARNING linkage.pipeline: Base-year rc_therm supply 8.383 GWa vs demand 8.383 GWa (residual -0.0%) — pinned surplus is free-disposed; see the 2026-08-28 review, A1.
2026-09-08 19:24:18,028 INFO linkage.pipeline: Running pathway-ref_wilson_enable_extreme__digi-baseline
2026-09-08 19:24:18,029 INFO messageix.build: Importing MESSAGEix-Austria/baseline-2025-r8 from /home/jovyan/hoertenhuber-ideas/data/MESSAGEix-AT_baseline_4.xlsx
2026-09-08 19:24:48,704 INFO messageix.build: Baseline calibration verified: firstmodelyear=2025; rc_spec base-year final 1.8222 GWa within 3% of reference 1.8222 GWa.
2026-09-08 19:24:48,716 INFO messageix.pathways: Pathway ref_wilson_enable_extreme: carbon tax nehg_ets2 on 13 model years (55.0–100.0 USD/tCO2)
2026-09-08 19:24:48,809 INFO messageix.pathways: Clearing leftover supply dials from a previous cell
2026-09-08 19:24:49,971 INFO linkage.loop: STURM scenario column: SSP2
2026-09-08 19:24:50,205 INFO linkage.digital: Digital efficiency: input coefficients of 7 techs scaled over 2030–2110 (factor 0.9552 at 2110); 48 CO2 emission-factor rows scaled alike
2026-09-08 19:24:50,206 INFO linkage.loop: Digitalization baseline: efficiency factor 0.9552 at 2040 (useful demand unchanged)
2026-09-08 19:24:50,207 INFO linkage.loop: Price feedback damping alpha = 0.5
2026-09-08 19:25:06,243 INFO sturm.driver: STURM resid/SSP2: 146 rows, final-energy years=[2025, 2030, 2035, 2040] -> /home/jovyan/hoertenhuber-ideas/results/sturm/report_MESSAGE_resid_SSP2.csv
2026-09-08 19:25:06,256 INFO linkage.loop: Pathway ref_wilson_enable_extreme: Wilson demand modifier -22% (ramped 2025→2050; 2040 factor 0.868)
2026-09-08 19:25:06,577 INFO message_ix.models: Use CPLEX options {'advind': 0, 'lpmethod': 4, 'threads': 4, 'epopt': 1e-06}
2026-09-08 19:25:28,197 INFO sturm.driver: STURM resid/SSP2: 146 rows, final-energy years=[2025, 2030, 2035, 2040] -> /home/jovyan/hoertenhuber-ideas/results/sturm/report_MESSAGE_resid_SSP2.csv
2026-09-08 19:25:29,589 INFO message_ix.models: Use CPLEX options {'advind': 0, 'lpmethod': 4, 'threads': 4, 'epopt': 1e-06}
2026-09-08 19:25:34,758 INFO linkage.loop: Iteration 1: L-inf activity-bound change = 0.0228
2026-09-08 19:25:34,761 INFO linkage.loop: Iteration 1: top changers: 2045=0.0228, 2050=0.0228, 2055=0.0228
2026-09-08 19:25:51,233 INFO sturm.driver: STURM resid/SSP2: 146 rows, final-energy years=[2025, 2030, 2035, 2040] -> /home/jovyan/hoertenhuber-ideas/results/sturm/report_MESSAGE_resid_SSP2.csv
2026-09-08 19:25:52,488 INFO message_ix.models: Use CPLEX options {'advind': 0, 'lpmethod': 4, 'threads': 4, 'epopt': 1e-06}
2026-09-08 19:25:57,716 INFO linkage.loop: Linkage converged at iteration 2: L-inf activity-bound change = 0 (tol=0.005)
2026-09-08 19:25:59,080 WARNING linkage.pipeline: Base-year rc_therm supply 8.383 GWa vs demand 8.383 GWa (residual -0.0%) — pinned surplus is free-disposed; see the 2026-08-28 review, A1.
2026-09-08 19:25:59,082 INFO linkage.pipeline: Running pathway-ref_wilson_enable_cautious__digi-baseline
2026-09-08 19:25:59,082 INFO messageix.build: Importing MESSAGEix-Austria/baseline-2025-r8 from /home/jovyan/hoertenhuber-ideas/data/MESSAGEix-AT_baseline_4.xlsx
2026-09-08 19:26:26,971 INFO messageix.build: Baseline calibration verified: firstmodelyear=2025; rc_spec base-year final 1.8222 GWa within 3% of reference 1.8222 GWa.
2026-09-08 19:26:26,984 INFO messageix.pathways: Pathway ref_wilson_enable_cautious: carbon tax nehg_ets2 on 13 model years (55.0–100.0 USD/tCO2)
2026-09-08 19:26:27,089 INFO messageix.pathways: Clearing leftover supply dials from a previous cell
2026-09-08 19:26:28,461 INFO linkage.loop: STURM scenario column: SSP2
2026-09-08 19:26:28,691 INFO linkage.digital: Digital efficiency: input coefficients of 7 techs scaled over 2030–2110 (factor 0.9552 at 2110); 48 CO2 emission-factor rows scaled alike
2026-09-08 19:26:28,693 INFO linkage.loop: Digitalization baseline: efficiency factor 0.9552 at 2040 (useful demand unchanged)
2026-09-08 19:26:28,693 INFO linkage.loop: Price feedback damping alpha = 0.5
2026-09-08 19:26:46,980 INFO sturm.driver: STURM resid/SSP2: 146 rows, final-energy years=[2025, 2030, 2035, 2040] -> /home/jovyan/hoertenhuber-ideas/results/sturm/report_MESSAGE_resid_SSP2.csv
2026-09-08 19:26:46,994 INFO linkage.loop: Pathway ref_wilson_enable_cautious: Wilson demand modifier -5% (ramped 2025→2050; 2040 factor 0.970)
2026-09-08 19:26:47,319 INFO message_ix.models: Use CPLEX options {'advind': 0, 'lpmethod': 4, 'threads': 4, 'epopt': 1e-06}
2026-09-08 19:27:08,608 INFO sturm.driver: STURM resid/SSP2: 146 rows, final-energy years=[2025, 2030, 2035, 2040] -> /home/jovyan/hoertenhuber-ideas/results/sturm/report_MESSAGE_resid_SSP2.csv
2026-09-08 19:27:10,057 INFO message_ix.models: Use CPLEX options {'advind': 0, 'lpmethod': 4, 'threads': 4, 'epopt': 1e-06}
2026-09-08 19:27:15,304 INFO linkage.loop: Iteration 1: L-inf activity-bound change = 0.02416
2026-09-08 19:27:15,307 INFO linkage.loop: Iteration 1: top changers: 2045=0.0242, 2050=0.0242, 2055=0.0242
2026-09-08 19:27:31,747 INFO sturm.driver: STURM resid/SSP2: 146 rows, final-energy years=[2025, 2030, 2035, 2040] -> /home/jovyan/hoertenhuber-ideas/results/sturm/report_MESSAGE_resid_SSP2.csv
2026-09-08 19:27:33,127 INFO message_ix.models: Use CPLEX options {'advind': 0, 'lpmethod': 4, 'threads': 4, 'epopt': 1e-06}
2026-09-08 19:27:37,939 INFO linkage.loop: Linkage converged at iteration 2: L-inf activity-bound change = 1.99e-05 (tol=0.005)
2026-09-08 19:27:39,351 WARNING linkage.pipeline: Base-year rc_therm supply 8.383 GWa vs demand 8.383 GWa (residual -0.0%) — pinned surplus is free-disposed; see the 2026-08-28 review, A1.
2026-09-08 19:27:39,352 INFO linkage.pipeline: Running pathway-ref_wilson_undermine_cautious__digi-baseline
2026-09-08 19:27:39,353 INFO messageix.build: Importing MESSAGEix-Austria/baseline-2025-r8 from /home/jovyan/hoertenhuber-ideas/data/MESSAGEix-AT_baseline_4.xlsx
2026-09-08 19:28:09,036 INFO messageix.build: Baseline calibration verified: firstmodelyear=2025; rc_spec base-year final 1.8222 GWa within 3% of reference 1.8222 GWa.
2026-09-08 19:28:09,047 INFO messageix.pathways: Pathway ref_wilson_undermine_cautious: carbon tax nehg_ets2 on 13 model years (55.0–100.0 USD/tCO2)
2026-09-08 19:28:09,129 INFO messageix.pathways: Clearing leftover supply dials from a previous cell
2026-09-08 19:28:10,366 INFO linkage.loop: STURM scenario column: SSP2
2026-09-08 19:28:10,588 INFO linkage.digital: Digital efficiency: input coefficients of 7 techs scaled over 2030–2110 (factor 0.9552 at 2110); 48 CO2 emission-factor rows scaled alike
2026-09-08 19:28:10,589 INFO linkage.loop: Digitalization baseline: efficiency factor 0.9552 at 2040 (useful demand unchanged)
2026-09-08 19:28:10,589 INFO linkage.loop: Price feedback damping alpha = 0.5
2026-09-08 19:28:26,154 INFO sturm.driver: STURM resid/SSP2: 146 rows, final-energy years=[2025, 2030, 2035, 2040] -> /home/jovyan/hoertenhuber-ideas/results/sturm/report_MESSAGE_resid_SSP2.csv
2026-09-08 19:28:26,168 INFO linkage.loop: Pathway ref_wilson_undermine_cautious: Wilson demand modifier +3% (ramped 2025→2050; 2040 factor 1.018)
2026-09-08 19:28:26,489 INFO message_ix.models: Use CPLEX options {'advind': 0, 'lpmethod': 4, 'threads': 4, 'epopt': 1e-06}
2026-09-08 19:28:48,135 INFO sturm.driver: STURM resid/SSP2: 146 rows, final-energy years=[2025, 2030, 2035, 2040] -> /home/jovyan/hoertenhuber-ideas/results/sturm/report_MESSAGE_resid_SSP2.csv
2026-09-08 19:28:49,677 INFO message_ix.models: Use CPLEX options {'advind': 0, 'lpmethod': 4, 'threads': 4, 'epopt': 1e-06}
2026-09-08 19:28:54,710 INFO linkage.loop: Iteration 1: L-inf activity-bound change = 0.02426
2026-09-08 19:28:54,713 INFO linkage.loop: Iteration 1: top changers: 2040=0.0243, 2050=0.0243, 2055=0.0243
2026-09-08 19:29:11,272 INFO sturm.driver: STURM resid/SSP2: 146 rows, final-energy years=[2025, 2030, 2035, 2040] -> /home/jovyan/hoertenhuber-ideas/results/sturm/report_MESSAGE_resid_SSP2.csv
2026-09-08 19:29:13,049 INFO message_ix.models: Use CPLEX options {'advind': 0, 'lpmethod': 4, 'threads': 4, 'epopt': 1e-06}
2026-09-08 19:29:18,149 INFO linkage.loop: Linkage converged at iteration 2: L-inf activity-bound change = 0.0008046 (tol=0.005)
2026-09-08 19:29:20,025 WARNING linkage.pipeline: Base-year rc_therm supply 8.383 GWa vs demand 8.383 GWa (residual -0.0%) — pinned surplus is free-disposed; see the 2026-08-28 review, A1.
2026-09-08 19:29:20,026 INFO linkage.pipeline: Running pathway-ref_wilson_undermine_extreme__digi-baseline
2026-09-08 19:29:20,027 INFO messageix.build: Importing MESSAGEix-Austria/baseline-2025-r8 from /home/jovyan/hoertenhuber-ideas/data/MESSAGEix-AT_baseline_4.xlsx
2026-09-08 19:29:46,866 INFO messageix.build: Baseline calibration verified: firstmodelyear=2025; rc_spec base-year final 1.8222 GWa within 3% of reference 1.8222 GWa.
2026-09-08 19:29:46,878 INFO messageix.pathways: Pathway ref_wilson_undermine_extreme: carbon tax nehg_ets2 on 13 model years (55.0–100.0 USD/tCO2)
2026-09-08 19:29:46,958 INFO messageix.pathways: Clearing leftover supply dials from a previous cell
2026-09-08 19:29:48,200 INFO linkage.loop: STURM scenario column: SSP2
2026-09-08 19:29:48,428 INFO linkage.digital: Digital efficiency: input coefficients of 7 techs scaled over 2030–2110 (factor 0.9552 at 2110); 48 CO2 emission-factor rows scaled alike
2026-09-08 19:29:48,429 INFO linkage.loop: Digitalization baseline: efficiency factor 0.9552 at 2040 (useful demand unchanged)
2026-09-08 19:29:48,429 INFO linkage.loop: Price feedback damping alpha = 0.5
2026-09-08 19:30:04,864 INFO sturm.driver: STURM resid/SSP2: 146 rows, final-energy years=[2025, 2030, 2035, 2040] -> /home/jovyan/hoertenhuber-ideas/results/sturm/report_MESSAGE_resid_SSP2.csv
2026-09-08 19:30:04,878 INFO linkage.loop: Pathway ref_wilson_undermine_extreme: Wilson demand modifier +9% (ramped 2025→2050; 2040 factor 1.054)
2026-09-08 19:30:05,204 INFO message_ix.models: Use CPLEX options {'advind': 0, 'lpmethod': 4, 'threads': 4, 'epopt': 1e-06}
2026-09-08 19:30:28,336 INFO sturm.driver: STURM resid/SSP2: 146 rows, final-energy years=[2025, 2030, 2035, 2040] -> /home/jovyan/hoertenhuber-ideas/results/sturm/report_MESSAGE_resid_SSP2.csv
2026-09-08 19:30:29,896 INFO message_ix.models: Use CPLEX options {'advind': 0, 'lpmethod': 4, 'threads': 4, 'epopt': 1e-06}
2026-09-08 19:30:35,985 INFO linkage.loop: Iteration 1: L-inf activity-bound change = 0.02596
2026-09-08 19:30:35,987 INFO linkage.loop: Iteration 1: top changers: 2050=0.026, 2055=0.026, 2060=0.026
2026-09-08 19:30:52,435 INFO sturm.driver: STURM resid/SSP2: 146 rows, final-energy years=[2025, 2030, 2035, 2040] -> /home/jovyan/hoertenhuber-ideas/results/sturm/report_MESSAGE_resid_SSP2.csv
2026-09-08 19:30:52,838 INFO message_ix.models: Use CPLEX options {'advind': 0, 'lpmethod': 4, 'threads': 4, 'epopt': 1e-06}
2026-09-08 19:30:58,313 INFO linkage.loop: Linkage converged at iteration 2: L-inf activity-bound change = 1.896e-05 (tol=0.005)
2026-09-08 19:30:58,897 WARNING linkage.pipeline: Base-year rc_therm supply 8.383 GWa vs demand 8.383 GWa (residual -0.0%) — pinned surplus is free-disposed; see the 2026-08-28 review, A1.
2026-09-08 19:30:58,905 INFO linkage.pipeline: Running pathway-reference__digi-none
2026-09-08 19:30:58,906 INFO messageix.build: Importing MESSAGEix-Austria/baseline-2025-r8 from /home/jovyan/hoertenhuber-ideas/data/MESSAGEix-AT_baseline_4.xlsx
2026-09-08 19:31:28,238 INFO messageix.build: Baseline calibration verified: firstmodelyear=2025; rc_spec base-year final 1.8222 GWa within 3% of reference 1.8222 GWa.
2026-09-08 19:31:28,252 INFO messageix.pathways: Pathway reference: carbon tax nehg_ets2 on 13 model years (55.0–100.0 USD/tCO2)
2026-09-08 19:31:28,345 INFO messageix.pathways: Clearing leftover supply dials from a previous cell
2026-09-08 19:31:29,856 INFO linkage.loop: STURM scenario column: SSP2
2026-09-08 19:31:29,939 INFO linkage.digital: Digital efficiency: no year carries a reduction; scenario unchanged
2026-09-08 19:31:29,940 INFO linkage.loop: Digitalization none: efficiency factor 1.0000 at 2040 (useful demand unchanged)
2026-09-08 19:31:29,940 INFO linkage.loop: Price feedback damping alpha = 0.5
2026-09-08 19:31:46,578 INFO sturm.driver: STURM resid/SSP2: 146 rows, final-energy years=[2025, 2030, 2035, 2040] -> /home/jovyan/hoertenhuber-ideas/results/sturm/report_MESSAGE_resid_SSP2.csv
2026-09-08 19:31:46,912 INFO message_ix.models: Use CPLEX options {'advind': 0, 'lpmethod': 4, 'threads': 4, 'epopt': 1e-06}
2026-09-08 19:32:08,009 INFO sturm.driver: STURM resid/SSP2: 146 rows, final-energy years=[2025, 2030, 2035, 2040] -> /home/jovyan/hoertenhuber-ideas/results/sturm/report_MESSAGE_resid_SSP2.csv
2026-09-08 19:32:09,558 INFO message_ix.models: Use CPLEX options {'advind': 0, 'lpmethod': 4, 'threads': 4, 'epopt': 1e-06}
2026-09-08 19:32:16,090 INFO linkage.loop: Iteration 1: L-inf activity-bound change = 0.02871
2026-09-08 19:32:16,093 INFO linkage.loop: Iteration 1: top changers: 2040=0.0287, 2045=0.0287, 2050=0.0287
2026-09-08 19:32:32,592 INFO sturm.driver: STURM resid/SSP2: 146 rows, final-energy years=[2025, 2030, 2035, 2040] -> /home/jovyan/hoertenhuber-ideas/results/sturm/report_MESSAGE_resid_SSP2.csv
2026-09-08 19:32:33,028 INFO message_ix.models: Use CPLEX options {'advind': 0, 'lpmethod': 4, 'threads': 4, 'epopt': 1e-06}
2026-09-08 19:32:38,798 INFO linkage.loop: Linkage converged at iteration 2: L-inf activity-bound change = 6.319e-05 (tol=0.005)
2026-09-08 19:32:39,289 WARNING linkage.pipeline: Base-year rc_therm supply 8.383 GWa vs demand 8.383 GWa (residual -0.0%) — pinned surplus is free-disposed; see the 2026-08-28 review, A1.
